------------------------------------------------------------
Timing Analyzer Summary
------------------------------------------------------------

Type  : Slow 1200mV 85C Model Setup 'u6|altpll_component|auto_generated|pll1|clk[3]'
Slack : -8.041
TNS   : -71.433

Type  : Slow 1200mV 85C Model Setup 'LCD_CLK'
Slack : -4.401
TNS   : -113.557

Type  : Slow 1200mV 85C Model Setup 'u6|altpll_component|auto_generated|pll1|clk[0]'
Slack : 1.659
TNS   : 0.000

Type  : Slow 1200mV 85C Model Setup 'CLOCK2_50'
Slack : 14.278
TNS   : 0.000

Type  : Slow 1200mV 85C Model Hold 'u6|altpll_component|auto_generated|pll1|clk[0]'
Slack : 0.362
TNS   : 0.000

Type  : Slow 1200mV 85C Model Hold 'u6|altpll_component|auto_generated|pll1|clk[3]'
Slack : 0.388
TNS   : 0.000

Type  : Slow 1200mV 85C Model Hold 'CLOCK2_50'
Slack : 0.402
TNS   : 0.000

Type  : Slow 1200mV 85C Model Hold 'LCD_CLK'
Slack : 3.670
TNS   : 0.000

Type  : Slow 1200mV 85C Model Recovery 'u6|altpll_component|auto_generated|pll1|clk[3]'
Slack : -1.831
TNS   : -158.126

Type  : Slow 1200mV 85C Model Recovery 'u6|altpll_component|auto_generated|pll1|clk[0]'
Slack : 3.171
TNS   : 0.000

Type  : Slow 1200mV 85C Model Recovery 'CLOCK2_50'
Slack : 14.393
TNS   : 0.000

Type  : Slow 1200mV 85C Model Removal 'u6|altpll_component|auto_generated|pll1|clk[0]'
Slack : 1.020
TNS   : 0.000

Type  : Slow 1200mV 85C Model Removal 'CLOCK2_50'
Slack : 2.088
TNS   : 0.000

Type  : Slow 1200mV 85C Model Removal 'u6|altpll_component|auto_generated|pll1|clk[3]'
Slack : 5.491
TNS   : 0.000

Type  : Slow 1200mV 85C Model Minimum Pulse Width 'u6|altpll_component|auto_generated|pll1|clk[0]'
Slack : 4.687
TNS   : 0.000

Type  : Slow 1200mV 85C Model Minimum Pulse Width 'CLOCK2_50'
Slack : 9.687
TNS   : 0.000

Type  : Slow 1200mV 85C Model Minimum Pulse Width 'u6|altpll_component|auto_generated|pll1|clk[3]'
Slack : 14.710
TNS   : 0.000

Type  : Slow 1200mV 85C Model Minimum Pulse Width 'CLOCK3_50'
Slack : 16.000
TNS   : 0.000

Type  : Slow 1200mV 85C Model Minimum Pulse Width 'CLOCK_50'
Slack : 16.000
TNS   : 0.000

Type  : Slow 1200mV 85C Model Minimum Pulse Width 'LCD_CLK'
Slack : 26.093
TNS   : 0.000

Type  : Slow 1200mV 0C Model Setup 'u6|altpll_component|auto_generated|pll1|clk[3]'
Slack : -5.910
TNS   : -45.367

Type  : Slow 1200mV 0C Model Setup 'LCD_CLK'
Slack : -4.119
TNS   : -106.248

Type  : Slow 1200mV 0C Model Setup 'u6|altpll_component|auto_generated|pll1|clk[0]'
Slack : 2.491
TNS   : 0.000

Type  : Slow 1200mV 0C Model Setup 'CLOCK2_50'
Slack : 14.800
TNS   : 0.000

Type  : Slow 1200mV 0C Model Hold 'u6|altpll_component|auto_generated|pll1|clk[0]'
Slack : 0.339
TNS   : 0.000

Type  : Slow 1200mV 0C Model Hold 'u6|altpll_component|auto_generated|pll1|clk[3]'
Slack : 0.342
TNS   : 0.000

Type  : Slow 1200mV 0C Model Hold 'CLOCK2_50'
Slack : 0.353
TNS   : 0.000

Type  : Slow 1200mV 0C Model Hold 'LCD_CLK'
Slack : 3.442
TNS   : 0.000

Type  : Slow 1200mV 0C Model Recovery 'u6|altpll_component|auto_generated|pll1|clk[3]'
Slack : -1.054
TNS   : -79.057

Type  : Slow 1200mV 0C Model Recovery 'u6|altpll_component|auto_generated|pll1|clk[0]'
Slack : 3.944
TNS   : 0.000

Type  : Slow 1200mV 0C Model Recovery 'CLOCK2_50'
Slack : 14.927
TNS   : 0.000

Type  : Slow 1200mV 0C Model Removal 'u6|altpll_component|auto_generated|pll1|clk[0]'
Slack : 0.927
TNS   : 0.000

Type  : Slow 1200mV 0C Model Removal 'CLOCK2_50'
Slack : 1.834
TNS   : 0.000

Type  : Slow 1200mV 0C Model Removal 'u6|altpll_component|auto_generated|pll1|clk[3]'
Slack : 4.843
TNS   : 0.000

Type  : Slow 1200mV 0C Model Minimum Pulse Width 'u6|altpll_component|auto_generated|pll1|clk[0]'
Slack : 4.680
TNS   : 0.000

Type  : Slow 1200mV 0C Model Minimum Pulse Width 'CLOCK2_50'
Slack : 9.651
TNS   : 0.000

Type  : Slow 1200mV 0C Model Minimum Pulse Width 'u6|altpll_component|auto_generated|pll1|clk[3]'
Slack : 14.705
TNS   : 0.000

Type  : Slow 1200mV 0C Model Minimum Pulse Width 'CLOCK3_50'
Slack : 16.000
TNS   : 0.000

Type  : Slow 1200mV 0C Model Minimum Pulse Width 'CLOCK_50'
Slack : 16.000
TNS   : 0.000

Type  : Slow 1200mV 0C Model Minimum Pulse Width 'LCD_CLK'
Slack : 26.093
TNS   : 0.000

Type  : Fast 1200mV 0C Model Setup 'LCD_CLK'
Slack : -2.806
TNS   : -72.137

Type  : Fast 1200mV 0C Model Setup 'u6|altpll_component|auto_generated|pll1|clk[3]'
Slack : 3.868
TNS   : 0.000

Type  : Fast 1200mV 0C Model Setup 'u6|altpll_component|auto_generated|pll1|clk[0]'
Slack : 5.582
TNS   : 0.000

Type  : Fast 1200mV 0C Model Setup 'CLOCK2_50'
Slack : 17.116
TNS   : 0.000

Type  : Fast 1200mV 0C Model Hold 'u6|altpll_component|auto_generated|pll1|clk[0]'
Slack : 0.149
TNS   : 0.000

Type  : Fast 1200mV 0C Model Hold 'u6|altpll_component|auto_generated|pll1|clk[3]'
Slack : 0.171
TNS   : 0.000

Type  : Fast 1200mV 0C Model Hold 'CLOCK2_50'
Slack : 0.181
TNS   : 0.000

Type  : Fast 1200mV 0C Model Hold 'LCD_CLK'
Slack : 2.316
TNS   : 0.000

Type  : Fast 1200mV 0C Model Recovery 'u6|altpll_component|auto_generated|pll1|clk[3]'
Slack : 1.333
TNS   : 0.000

Type  : Fast 1200mV 0C Model Recovery 'u6|altpll_component|auto_generated|pll1|clk[0]'
Slack : 6.317
TNS   : 0.000

Type  : Fast 1200mV 0C Model Recovery 'CLOCK2_50'
Slack : 17.120
TNS   : 0.000

Type  : Fast 1200mV 0C Model Removal 'u6|altpll_component|auto_generated|pll1|clk[0]'
Slack : 0.486
TNS   : 0.000

Type  : Fast 1200mV 0C Model Removal 'CLOCK2_50'
Slack : 0.942
TNS   : 0.000

Type  : Fast 1200mV 0C Model Removal 'u6|altpll_component|auto_generated|pll1|clk[3]'
Slack : 2.912
TNS   : 0.000

Type  : Fast 1200mV 0C Model Minimum Pulse Width 'u6|altpll_component|auto_generated|pll1|clk[0]'
Slack : 4.758
TNS   : 0.000

Type  : Fast 1200mV 0C Model Minimum Pulse Width 'CLOCK2_50'
Slack : 9.273
TNS   : 0.000

Type  : Fast 1200mV 0C Model Minimum Pulse Width 'u6|altpll_component|auto_generated|pll1|clk[3]'
Slack : 14.756
TNS   : 0.000

Type  : Fast 1200mV 0C Model Minimum Pulse Width 'CLOCK3_50'
Slack : 16.000
TNS   : 0.000

Type  : Fast 1200mV 0C Model Minimum Pulse Width 'CLOCK_50'
Slack : 16.000
TNS   : 0.000

Type  : Fast 1200mV 0C Model Minimum Pulse Width 'LCD_CLK'
Slack : 26.303
TNS   : 0.000

------------------------------------------------------------
